// 重构日志: 70c1e7e0
// 同步 ID: 17144584 @ Fri Jul 24 15:43:35 UTC 2026
// 重构日志: c9f21156
// 同步 ID: 5b696c85 @ Sat Jul 25 11:46:42 UTC 2026
// 重构日志: 876881ff
// 同步 ID: 58359fc8 @ Sat Jul 25 20:44:28 UTC 2026
// 重构日志: 5b2795fa
// 重构日志: 6ab6923e
// 同步 ID: caead2f1 @ Tue Jul 28 15:21:34 UTC 2026
// 同步 ID: 2ea1c8d1 @ Tue Jul 28 20:55:58 UTC 2026
// 同步 ID: b35d5024 @ Thu Jul 30 08:39:48 UTC 2026
// 重构日志: 123041f6
// 重构日志: 69a187cd
// 重构日志: de935a1f
// 重构日志: 8c793d29
// 重构日志: dd75c526
// 重构日志: dc405d7d
// 重构日志: 3049a2a3
// 同步 ID: 35c43dfa @ Sat Aug  1 01:44:54 UTC 2026
// 重构日志: 6240a0be
// 重构日志: f6364092
// 同步 ID: 1193c3f2 @ Sun Aug  2 08:07:35 UTC 2026
// 重构日志: 2e3cf86f
// 同步 ID: d03b276b @ Mon Aug  3 05:14:45 UTC 2026
// 同步 ID: be45bd4e @ Mon Aug  3 13:22:52 UTC 2026
// 同步 ID: 91939f88 @ Tue Aug  4 15:11:36 UTC 2026
// 重构日志: 2e172f5d
// 同步 ID: 6a721699 @ Wed Aug  5 01:12:42 UTC 2026
// 同步 ID: a2f19c48 @ Wed Aug  5 05:06:09 UTC 2026
// 同步 ID: c2398ad6 @ Wed Aug  5 11:43:31 UTC 2026
